   text	   data	    bss	    dec	    hex	filename
 0xd22c	 0x16ac	  0x470	  60744	   ed48	/frontnet_port/BUILD/GAP8_V2/GCC_RISCV_PULPOS/main
/frontnet_port/BUILD/GAP8_V2/GCC_RISCV_PULPOS/main:00000338 00000001 D __rt_hyper_pending_emu_do_memcpy	/gap_sdk/gap8/rtos/pulp/pulp-os/drivers/hyper/hyperram-v1.c:53
/frontnet_port/BUILD/GAP8_V2/GCC_RISCV_PULPOS/main:1b000bb8 00000001 D camera_isAwaked	/gap_sdk/gap8/rtos/pulp/pulp-os/drivers_deprecated/camera/himax.c:150
/frontnet_port/BUILD/GAP8_V2/GCC_RISCV_PULPOS/main:1c0063d6 00000002 T __flash_conf_init	/gap_sdk/rtos/pmsis/pmsis_bsp/flash/flash.c:33
/frontnet_port/BUILD/GAP8_V2/GCC_RISCV_PULPOS/main:1c006c8e 00000002 t __pi_host_fs_direct_read_async
/frontnet_port/BUILD/GAP8_V2/GCC_RISCV_PULPOS/main:1c006b56 00000002 t __pi_host_fs_unmount	/gap_sdk/rtos/pmsis/pmsis_bsp/fs/host_fs/host_fs.c:40
/frontnet_port/BUILD/GAP8_V2/GCC_RISCV_PULPOS/main:1c009f1e 00000002 T __rt_fll_deinit	/gap_sdk/gap8/rtos/pulp/pulp-os/kernel/gap/pmu_driver.c:876
/frontnet_port/BUILD/GAP8_V2/GCC_RISCV_PULPOS/main:1c009f20 00000002 T __rt_flls_constructor	/gap_sdk/gap8/rtos/pulp/pulp-os/kernel/gap/pmu_driver.c:880
/frontnet_port/BUILD/GAP8_V2/GCC_RISCV_PULPOS/main:1c0000bc 00000002 t dory_dma_allocate
/frontnet_port/BUILD/GAP8_V2/GCC_RISCV_PULPOS/main:1c0000a0 00000002 t dory_dma_barrier.constprop.15
/frontnet_port/BUILD/GAP8_V2/GCC_RISCV_PULPOS/main:1c008b5e 00000002 W illegal_insn_handler_c	/gap_sdk/gap8/rtos/pulp/pulp-os/kernel/irq.c:89
/frontnet_port/BUILD/GAP8_V2/GCC_RISCV_PULPOS/main:1c007b00 00000002 T pi_partition_table_free	/gap_sdk/rtos/pmsis/pmsis_bsp/partition/partition.c:46
/frontnet_port/BUILD/GAP8_V2/GCC_RISCV_PULPOS/main:1c00924c 00000002 T pi_task_push_delayed_us	/gap_sdk/gap8/rtos/pulp/pulp-os/kernel/events.c:273
/frontnet_port/BUILD/GAP8_V2/GCC_RISCV_PULPOS/main:1c00d460 00000003 d ToHWDCDC_Pos	/gap_sdk/gap8/rtos/pulp/pulp-os/kernel/gap/pmu_driver.c:192
/frontnet_port/BUILD/GAP8_V2/GCC_RISCV_PULPOS/main:1c00d8d8 00000004 b L2_input
/frontnet_port/BUILD/GAP8_V2/GCC_RISCV_PULPOS/main:1c00d8d4 00000004 b L2_output
/frontnet_port/BUILD/GAP8_V2/GCC_RISCV_PULPOS/main:1c00d8d0 00000004 b L2_weights
/frontnet_port/BUILD/GAP8_V2/GCC_RISCV_PULPOS/main:1c00d8cc 00000004 b L3_input
/frontnet_port/BUILD/GAP8_V2/GCC_RISCV_PULPOS/main:1c00d8c8 00000004 b L3_output
/frontnet_port/BUILD/GAP8_V2/GCC_RISCV_PULPOS/main:1c00d8e0 00000004 b L3_weights
/frontnet_port/BUILD/GAP8_V2/GCC_RISCV_PULPOS/main:1c00d8dc 00000004 b L3_weights_internal
/frontnet_port/BUILD/GAP8_V2/GCC_RISCV_PULPOS/main:1c00d464 00000004 D PMURetentionState
/frontnet_port/BUILD/GAP8_V2/GCC_RISCV_PULPOS/main:1c00d470 00000004 d RetPMUStateToPMUState	/gap_sdk/gap8/rtos/pulp/pulp-os/kernel/gap/pmu_driver.c:185
/frontnet_port/BUILD/GAP8_V2/GCC_RISCV_PULPOS/main:1c00d8ec 00000004 b __bsp_init_pads_done	/gap_sdk/rtos/pmsis/pmsis_bsp/bsp/ai_deck.c:28
/frontnet_port/BUILD/GAP8_V2/GCC_RISCV_PULPOS/main:1c00d8f8 00000004 b __pi_hyper_cluster_reqs_first	/gap_sdk/gap8/rtos/pulp/pulp-os/drivers/hyper/hyperram-v1.c:62
/frontnet_port/BUILD/GAP8_V2/GCC_RISCV_PULPOS/main:1c0065ce 00000004 t __pi_read_fs_unmount	/gap_sdk/rtos/pmsis/pmsis_bsp/fs/read_fs/read_fs.c:230
/frontnet_port/BUILD/GAP8_V2/GCC_RISCV_PULPOS/main:1c00d924 00000004 B __rt_alloc_fc_tcdm
/frontnet_port/BUILD/GAP8_V2/GCC_RISCV_PULPOS/main:1c00d91c 00000004 B __rt_alloc_l1
/frontnet_port/BUILD/GAP8_V2/GCC_RISCV_PULPOS/main:1c00d920 00000004 B __rt_alloc_l2
/frontnet_port/BUILD/GAP8_V2/GCC_RISCV_PULPOS/main:00000014 00000004 d __rt_bridge_eeprom_handle	/gap_sdk/gap8/rtos/pulp/pulp-os/kernel/bridge.c:25
/frontnet_port/BUILD/GAP8_V2/GCC_RISCV_PULPOS/main:00000010 00000004 d __rt_bridge_flash_cs	/gap_sdk/gap8/rtos/pulp/pulp-os/kernel/bridge.c:29
/frontnet_port/BUILD/GAP8_V2/GCC_RISCV_PULPOS/main:00000004 00000004 d __rt_bridge_flash_handle	/gap_sdk/gap8/rtos/pulp/pulp-os/kernel/bridge.c:26
/frontnet_port/BUILD/GAP8_V2/GCC_RISCV_PULPOS/main:0000000c 00000004 d __rt_bridge_flash_itf	/gap_sdk/gap8/rtos/pulp/pulp-os/kernel/bridge.c:28
/frontnet_port/BUILD/GAP8_V2/GCC_RISCV_PULPOS/main:00000008 00000004 d __rt_bridge_flash_type	/gap_sdk/gap8/rtos/pulp/pulp-os/kernel/bridge.c:27
/frontnet_port/BUILD/GAP8_V2/GCC_RISCV_PULPOS/main:1000001c 00000004 D __rt_cluster_fc_task_lock	/gap_sdk/gap8/rtos/pulp/pulp-os/kernel/cluster.c:59
/frontnet_port/BUILD/GAP8_V2/GCC_RISCV_PULPOS/main:00000018 00000004 D __rt_cluster_nb_active_pe
/frontnet_port/BUILD/GAP8_V2/GCC_RISCV_PULPOS/main:1c00d938 00000004 B __rt_cluster_tasks	/gap_sdk/gap8/rtos/pulp/pulp-os/kernel/cluster.c:41
/frontnet_port/BUILD/GAP8_V2/GCC_RISCV_PULPOS/main:1b000b9c 00000004 D __rt_debug_config
/frontnet_port/BUILD/GAP8_V2/GCC_RISCV_PULPOS/main:1b000b98 00000004 D __rt_debug_config_trace
/frontnet_port/BUILD/GAP8_V2/GCC_RISCV_PULPOS/main:00000014 00000004 D __rt_dma_first_pending
/frontnet_port/BUILD/GAP8_V2/GCC_RISCV_PULPOS/main:00000010 00000004 D __rt_dma_last_pending
/frontnet_port/BUILD/GAP8_V2/GCC_RISCV_PULPOS/main:1c00d8f4 00000004 b __rt_fc_cluster_device	/gap_sdk/gap8/rtos/pulp/pulp-os/kernel/pulpos_emu.c:25
/frontnet_port/BUILD/GAP8_V2/GCC_RISCV_PULPOS/main:1c00d444 00000004 D __rt_fc_stack_size
/frontnet_port/BUILD/GAP8_V2/GCC_RISCV_PULPOS/main:00000018 00000004 D __rt_first_free
/frontnet_port/BUILD/GAP8_V2/GCC_RISCV_PULPOS/main:00000324 00000004 D __rt_hyper_current_task	/gap_sdk/gap8/rtos/pulp/pulp-os/drivers/hyper/hyperram-v1.c:27
/frontnet_port/BUILD/GAP8_V2/GCC_RISCV_PULPOS/main:00000320 00000004 D __rt_hyper_end_task	/gap_sdk/gap8/rtos/pulp/pulp-os/drivers/hyper/hyperram-v1.c:25
/frontnet_port/BUILD/GAP8_V2/GCC_RISCV_PULPOS/main:1c00d8fc 00000004 b __rt_hyper_open_count	/gap_sdk/gap8/rtos/pulp/pulp-os/drivers/hyper/hyperram-v1.c:65
/frontnet_port/BUILD/GAP8_V2/GCC_RISCV_PULPOS/main:00000314 00000004 D __rt_hyper_pending_addr	/gap_sdk/gap8/rtos/pulp/pulp-os/drivers/hyper/hyperram-v1.c:33
/frontnet_port/BUILD/GAP8_V2/GCC_RISCV_PULPOS/main:0000030c 00000004 D __rt_hyper_pending_base	/gap_sdk/gap8/rtos/pulp/pulp-os/drivers/hyper/hyperram-v1.c:31
/frontnet_port/BUILD/GAP8_V2/GCC_RISCV_PULPOS/main:00000330 00000004 D __rt_hyper_pending_emu_addr	/gap_sdk/gap8/rtos/pulp/pulp-os/drivers/hyper/hyperram-v1.c:48
/frontnet_port/BUILD/GAP8_V2/GCC_RISCV_PULPOS/main:00000328 00000004 D __rt_hyper_pending_emu_channel	/gap_sdk/gap8/rtos/pulp/pulp-os/drivers/hyper/hyperram-v1.c:46
/frontnet_port/BUILD/GAP8_V2/GCC_RISCV_PULPOS/main:0000032c 00000004 D __rt_hyper_pending_emu_hyper_addr	/gap_sdk/gap8/rtos/pulp/pulp-os/drivers/hyper/hyperram-v1.c:47
/frontnet_port/BUILD/GAP8_V2/GCC_RISCV_PULPOS/main:0000034c 00000004 D __rt_hyper_pending_emu_length	/gap_sdk/gap8/rtos/pulp/pulp-os/drivers/hyper/hyperram-v1.c:51
/frontnet_port/BUILD/GAP8_V2/GCC_RISCV_PULPOS/main:00000334 00000004 D __rt_hyper_pending_emu_size	/gap_sdk/gap8/rtos/pulp/pulp-os/drivers/hyper/hyperram-v1.c:49
/frontnet_port/BUILD/GAP8_V2/GCC_RISCV_PULPOS/main:00000348 00000004 D __rt_hyper_pending_emu_size_2d	/gap_sdk/gap8/rtos/pulp/pulp-os/drivers/hyper/hyperram-v1.c:50
/frontnet_port/BUILD/GAP8_V2/GCC_RISCV_PULPOS/main:00000350 00000004 D __rt_hyper_pending_emu_stride	/gap_sdk/gap8/rtos/pulp/pulp-os/drivers/hyper/hyperram-v1.c:52
/frontnet_port/BUILD/GAP8_V2/GCC_RISCV_PULPOS/main:0000033c 00000004 D __rt_hyper_pending_emu_task	/gap_sdk/gap8/rtos/pulp/pulp-os/drivers/hyper/hyperram-v1.c:54
/frontnet_port/BUILD/GAP8_V2/GCC_RISCV_PULPOS/main:00000310 00000004 D __rt_hyper_pending_hyper_addr	/gap_sdk/gap8/rtos/pulp/pulp-os/drivers/hyper/hyperram-v1.c:32
/frontnet_port/BUILD/GAP8_V2/GCC_RISCV_PULPOS/main:00000318 00000004 D __rt_hyper_pending_repeat	/gap_sdk/gap8/rtos/pulp/pulp-os/drivers/hyper/hyperram-v1.c:34
/frontnet_port/BUILD/GAP8_V2/GCC_RISCV_PULPOS/main:0000031c 00000004 D __rt_hyper_pending_repeat_size	/gap_sdk/gap8/rtos/pulp/pulp-os/drivers/hyper/hyperram-v1.c:35
/frontnet_port/BUILD/GAP8_V2/GCC_RISCV_PULPOS/main:00000340 00000004 D __rt_hyper_pending_tasks	/gap_sdk/gap8/rtos/pulp/pulp-os/drivers/hyper/hyperram-v1.c:39
/frontnet_port/BUILD/GAP8_V2/GCC_RISCV_PULPOS/main:00000344 00000004 D __rt_hyper_pending_tasks_last	/gap_sdk/gap8/rtos/pulp/pulp-os/drivers/hyper/hyperram-v1.c:40
/frontnet_port/BUILD/GAP8_V2/GCC_RISCV_PULPOS/main:1c00ad88 00000004 T __rt_hyper_resume_copy	/gap_sdk/gap8/rtos/pulp/pulp-os/drivers/hyper/hyperram-v1.c:988
/frontnet_port/BUILD/GAP8_V2/GCC_RISCV_PULPOS/main:00000308 00000004 D __rt_hyper_udma_handle
/frontnet_port/BUILD/GAP8_V2/GCC_RISCV_PULPOS/main:1c00d900 00000004 b __rt_i2s_first	/gap_sdk/gap8/rtos/pulp/pulp-os/drivers_deprecated/i2s/i2s-v1.c:40
/frontnet_port/BUILD/GAP8_V2/GCC_RISCV_PULPOS/main:1c00d90c 00000004 b __rt_io_event_current	/gap_sdk/gap8/rtos/pulp/pulp-os/libs/io/io.c:40
/frontnet_port/BUILD/GAP8_V2/GCC_RISCV_PULPOS/main:1c00d910 00000004 b __rt_io_pending_flush	/gap_sdk/gap8/rtos/pulp/pulp-os/libs/io/io.c:50
/frontnet_port/BUILD/GAP8_V2/GCC_RISCV_PULPOS/main:1c00d43c 00000004 D __rt_iodev
/frontnet_port/BUILD/GAP8_V2/GCC_RISCV_PULPOS/main:1c00d440 00000004 D __rt_iodev_uart_baudrate
/frontnet_port/BUILD/GAP8_V2/GCC_RISCV_PULPOS/main:1c00d8c0 00000004 B __rt_iodev_uart_channel
/frontnet_port/BUILD/GAP8_V2/GCC_RISCV_PULPOS/main:1c00d438 00000004 D __rt_platform
/frontnet_port/BUILD/GAP8_V2/GCC_RISCV_PULPOS/main:1c00d914 00000004 b __rt_putc_host_buffer_index	/gap_sdk/gap8/rtos/pulp/pulp-os/libs/io/io.c:48
/frontnet_port/BUILD/GAP8_V2/GCC_RISCV_PULPOS/main:0000038c 00000004 D __rt_rtc_init_done	/gap_sdk/gap8/rtos/pulp/pulp-os/drivers_deprecated/dolphin/rtc.c:26
/frontnet_port/BUILD/GAP8_V2/GCC_RISCV_PULPOS/main:1c00d934 00000004 B __rt_wakeup_use_fast	/gap_sdk/gap8/rtos/pulp/pulp-os/kernel/gap/pmu_driver.c:173
/frontnet_port/BUILD/GAP8_V2/GCC_RISCV_PULPOS/main:00000390 00000004 D __rtc_handler	/gap_sdk/gap8/rtos/pulp/pulp-os/drivers_deprecated/dolphin/rtc.c:25
/frontnet_port/BUILD/GAP8_V2/GCC_RISCV_PULPOS/main:1c00d918 00000004 b _rt_io_uart	/gap_sdk/gap8/rtos/pulp/pulp-os/libs/io/io.c:38
/frontnet_port/BUILD/GAP8_V2/GCC_RISCV_PULPOS/main:1c00d8c4 00000004 b activations_input
/frontnet_port/BUILD/GAP8_V2/GCC_RISCV_PULPOS/main:1c00d8e4 00000004 b bypass_activations
/frontnet_port/BUILD/GAP8_V2/GCC_RISCV_PULPOS/main:1c00c804 00000004 t ctor_list	/gap_sdk/gap8/rtos/pulp/pulp-os/kernel/init.c:29
/frontnet_port/BUILD/GAP8_V2/GCC_RISCV_PULPOS/main:1c00d8e8 00000004 b current_transfer
/frontnet_port/BUILD/GAP8_V2/GCC_RISCV_PULPOS/main:1c000834 00000004 t dory_cores_barrier
/frontnet_port/BUILD/GAP8_V2/GCC_RISCV_PULPOS/main:1c00c840 00000004 t dtor_list	/gap_sdk/gap8/rtos/pulp/pulp-os/kernel/init.c:30
/frontnet_port/BUILD/GAP8_V2/GCC_RISCV_PULPOS/main:1c00d928 00000004 B first_delayed
/frontnet_port/BUILD/GAP8_V2/GCC_RISCV_PULPOS/main:1c008b0e 00000004 T pi_open_from_conf	/gap_sdk/gap8/rtos/pulp/pulp-os/kernel/init.c:325
/frontnet_port/BUILD/GAP8_V2/GCC_RISCV_PULPOS/main:1c007b02 00000004 T pi_partition_table_load	/gap_sdk/rtos/pmsis/pmsis_bsp/partition/partition.c:51
/frontnet_port/BUILD/GAP8_V2/GCC_RISCV_PULPOS/main:1c009526 00000004 T pi_time_wait_us	/gap_sdk/gap8/rtos/pulp/pulp-os/kernel/time.c:131
/frontnet_port/BUILD/GAP8_V2/GCC_RISCV_PULPOS/main:00000354 00000004 D pwmEventsStatus	/gap_sdk/gap8/rtos/pulp/pulp-os/drivers/pwm/pwm.c:9
/frontnet_port/BUILD/GAP8_V2/GCC_RISCV_PULPOS/main:1c00d8f0 00000004 b timer_count	/gap_sdk/gap8/rtos/pulp/pulp-os/kernel/time.c:23
/frontnet_port/BUILD/GAP8_V2/GCC_RISCV_PULPOS/main:1c006b7c 00000006 t __pi_host_fs_seek	/gap_sdk/rtos/pmsis/pmsis_bsp/fs/host_fs/host_fs.c:109
/frontnet_port/BUILD/GAP8_V2/GCC_RISCV_PULPOS/main:1c009f22 00000006 T __rt_fll_set_freq	/gap_sdk/gap8/rtos/pulp/pulp-os/kernel/gap/pmu_driver.c:884
/frontnet_port/BUILD/GAP8_V2/GCC_RISCV_PULPOS/main:1c009428 00000006 T pi_cl_l1_malloc	/gap_sdk/gap8/rtos/pulp/pulp-os/kernel/alloc.c:582
/frontnet_port/BUILD/GAP8_V2/GCC_RISCV_PULPOS/main:1c00a118 00000006 T pi_cluster_conf_init	/gap_sdk/gap8/rtos/pulp/pulp-os/kernel/cluster.c:337
/frontnet_port/BUILD/GAP8_V2/GCC_RISCV_PULPOS/main:1c00b608 00000006 T putchar	/gap_sdk/gap8/rtos/pulp/pulp-os/libs/io/io.c:621
/frontnet_port/BUILD/GAP8_V2/GCC_RISCV_PULPOS/main:1c008886 00000006 T semihost_close	/gap_sdk/rtos/pmsis/pmsis_bsp/fs/host_fs/semihost.c:18
/frontnet_port/BUILD/GAP8_V2/GCC_RISCV_PULPOS/main:1c0088d8 00000006 T semihost_exit	/gap_sdk/rtos/pmsis/pmsis_bsp/fs/host_fs/semihost.c:47
/frontnet_port/BUILD/GAP8_V2/GCC_RISCV_PULPOS/main:1c008856 00000006 T semihost_write0	/gap_sdk/rtos/pmsis/pmsis_bsp/fs/host_fs/semihost.c:6
/frontnet_port/BUILD/GAP8_V2/GCC_RISCV_PULPOS/main:1c00d448 00000007 d SystemStateToSCUFastSeq	/gap_sdk/gap8/rtos/pulp/pulp-os/kernel/gap/pmu_driver.c:176
/frontnet_port/BUILD/GAP8_V2/GCC_RISCV_PULPOS/main:1c00d468 00000008 D FllsFrequency
/frontnet_port/BUILD/GAP8_V2/GCC_RISCV_PULPOS/main:1c00d92c 00000008 B __rt_freq_domains
/frontnet_port/BUILD/GAP8_V2/GCC_RISCV_PULPOS/main:1c00ad80 00000008 T __rt_hyper_resume_emu_task	/gap_sdk/gap8/rtos/pulp/pulp-os/drivers/hyper/hyperram-v1.c:980
/frontnet_port/BUILD/GAP8_V2/GCC_RISCV_PULPOS/main:000002b0 00000008 D __rt_socevents_status
/frontnet_port/BUILD/GAP8_V2/GCC_RISCV_PULPOS/main:1c00d904 00000008 b __rt_spim_open_count	/gap_sdk/gap8/rtos/pulp/pulp-os/drivers_deprecated/spim/spim-v2.c:26
/frontnet_port/BUILD/GAP8_V2/GCC_RISCV_PULPOS/main:1c007a04 00000008 T extern_alloc_deinit	/gap_sdk/rtos/pmsis/pmsis_bsp/ram/alloc_extern.c:128
/frontnet_port/BUILD/GAP8_V2/GCC_RISCV_PULPOS/main:1c00924e 00000008 T pi_cl_send_task_to_fc	/gap_sdk/gap8/rtos/pulp/pulp-os/kernel/events.c:280
/frontnet_port/BUILD/GAP8_V2/GCC_RISCV_PULPOS/main:1c0064ac 00000008 t pi_flash_read_async	/gap_sdk/rtos/pmsis/pmsis_bsp/include/bsp/flash.h:428
/frontnet_port/BUILD/GAP8_V2/GCC_RISCV_PULPOS/main:1c006448 00000008 T pi_fs_open	/gap_sdk/rtos/pmsis/pmsis_bsp/fs/fs.c:74
/frontnet_port/BUILD/GAP8_V2/GCC_RISCV_PULPOS/main:1c006450 00000008 T pi_fs_read_async	/gap_sdk/rtos/pmsis/pmsis_bsp/fs/fs.c:85
/frontnet_port/BUILD/GAP8_V2/GCC_RISCV_PULPOS/main:1c00647e 00000008 T pi_fs_write_async	/gap_sdk/rtos/pmsis/pmsis_bsp/fs/fs.c:98
/frontnet_port/BUILD/GAP8_V2/GCC_RISCV_PULPOS/main:1c00afb2 0000000a T __rt_himax_init	/gap_sdk/gap8/rtos/pulp/pulp-os/drivers_deprecated/camera/himax.c:400
/frontnet_port/BUILD/GAP8_V2/GCC_RISCV_PULPOS/main:1c00b6ac 0000000a T abort	/gap_sdk/gap8/rtos/pulp/pulp-os/libs/io/io.c:739
/frontnet_port/BUILD/GAP8_V2/GCC_RISCV_PULPOS/main:1c008940 0000000a T bsp_hyperflash_conf_init	/gap_sdk/rtos/pmsis/pmsis_bsp/bsp/ai_deck.c:58
/frontnet_port/BUILD/GAP8_V2/GCC_RISCV_PULPOS/main:1c0000b2 0000000a t mchan_alloc
/frontnet_port/BUILD/GAP8_V2/GCC_RISCV_PULPOS/main:1c007af6 0000000a T pi_partition_get_flash_offset	/gap_sdk/rtos/pmsis/pmsis_bsp/partition/partition.c:38
/frontnet_port/BUILD/GAP8_V2/GCC_RISCV_PULPOS/main:1c00ae46 0000000a T rt_extern_alloc_deinit	/gap_sdk/gap8/rtos/pulp/pulp-os/kernel/alloc_extern.c:129
/frontnet_port/BUILD/GAP8_V2/GCC_RISCV_PULPOS/main:1c006b4a 0000000c t __pi_host_fs_mount	/gap_sdk/rtos/pmsis/pmsis_bsp/fs/host_fs/host_fs.c:34
/frontnet_port/BUILD/GAP8_V2/GCC_RISCV_PULPOS/main:00000004 0000000c D __rt_cluster_pool
/frontnet_port/BUILD/GAP8_V2/GCC_RISCV_PULPOS/main:1c00ade2 0000000c T __rt_padframe_init	/gap_sdk/gap8/rtos/pulp/pulp-os/drivers_deprecated/pads/pads-v1.c:58
/frontnet_port/BUILD/GAP8_V2/GCC_RISCV_PULPOS/main:1c0076f0 0000000c T hyperram_free	/gap_sdk/rtos/pmsis/pmsis_bsp/ram/hyperram/hyperram.c:169
/frontnet_port/BUILD/GAP8_V2/GCC_RISCV_PULPOS/main:1c00942e 0000000c T pi_cl_l1_free	/gap_sdk/gap8/rtos/pulp/pulp-os/kernel/alloc.c:587
/frontnet_port/BUILD/GAP8_V2/GCC_RISCV_PULPOS/main:1c0063ca 0000000c T pi_flash_open	/gap_sdk/rtos/pmsis/pmsis_bsp/flash/flash.c:24
/frontnet_port/BUILD/GAP8_V2/GCC_RISCV_PULPOS/main:1c0078f6 0000000c T pi_ram_open	/gap_sdk/rtos/pmsis/pmsis_bsp/ram/ram.c:23
/frontnet_port/BUILD/GAP8_V2/GCC_RISCV_PULPOS/main:1c00d538 0000000c b ram
/frontnet_port/BUILD/GAP8_V2/GCC_RISCV_PULPOS/main:1c008848 0000000e t __internal_semihost	/gap_sdk/rtos/pmsis/pmsis_bsp/fs/host_fs/semihost.h:75
/frontnet_port/BUILD/GAP8_V2/GCC_RISCV_PULPOS/main:1c00afe0 0000000e t __rt_io_end_of_flush	/gap_sdk/gap8/rtos/pulp/pulp-os/libs/io/io.c:366
/frontnet_port/BUILD/GAP8_V2/GCC_RISCV_PULPOS/main:1c00894a 0000000e T bsp_hyperflash_open
/frontnet_port/BUILD/GAP8_V2/GCC_RISCV_PULPOS/main:1c008932 0000000e T bsp_hyperram_open
/frontnet_port/BUILD/GAP8_V2/GCC_RISCV_PULPOS/main:1c006d24 0000000e t hyperflash_ioctl	/gap_sdk/rtos/pmsis/pmsis_bsp/flash/hyperflash/hyperflash.c:285
/frontnet_port/BUILD/GAP8_V2/GCC_RISCV_PULPOS/main:1c006d32 0000000e t hyperflash_set_reg_exec	/gap_sdk/rtos/pmsis/pmsis_bsp/flash/hyperflash/hyperflash.c:94
/frontnet_port/BUILD/GAP8_V2/GCC_RISCV_PULPOS/main:1c000826 0000000e t pi_cl_team_barrier.lto_priv.16
/frontnet_port/BUILD/GAP8_V2/GCC_RISCV_PULPOS/main:1c000826 0000000e t pi_cl_team_barrier.lto_priv.17
/frontnet_port/BUILD/GAP8_V2/GCC_RISCV_PULPOS/main:1c000826 0000000e t pi_cl_team_barrier.lto_priv.18
/frontnet_port/BUILD/GAP8_V2/GCC_RISCV_PULPOS/main:1c000826 0000000e t pi_cl_team_barrier.lto_priv.19
/frontnet_port/BUILD/GAP8_V2/GCC_RISCV_PULPOS/main:1c00943a 0000000e T pi_l2_malloc	/gap_sdk/gap8/rtos/pulp/pulp-os/kernel/alloc.c:595
/frontnet_port/BUILD/GAP8_V2/GCC_RISCV_PULPOS/main:1c00d450 00000010 D PMUState
/frontnet_port/BUILD/GAP8_V2/GCC_RISCV_PULPOS/main:1c0064f2 00000010 t __pi_read_fs_seek	/gap_sdk/rtos/pmsis/pmsis_bsp/fs/read_fs/read_fs.c:517
/frontnet_port/BUILD/GAP8_V2/GCC_RISCV_PULPOS/main:1b000bbc 00000010 d __rt_io_fc_lock	/gap_sdk/gap8/rtos/pulp/pulp-os/libs/io/io.c:35
/frontnet_port/BUILD/GAP8_V2/GCC_RISCV_PULPOS/main:1c00d330 00000010 V __rt_padframe_default	/gap_sdk/gap8/rtos/pulp/pulp-os/drivers_deprecated/pads/pads-v1.c:28
/frontnet_port/BUILD/GAP8_V2/GCC_RISCV_PULPOS/main:1c00d340 00000010 V __rt_padframe_hyper	/gap_sdk/gap8/rtos/pulp/pulp-os/drivers_deprecated/pads/pads-v1.c:30
/frontnet_port/BUILD/GAP8_V2/GCC_RISCV_PULPOS/main:1c00d350 00000010 V __rt_padframe_hyper_gpio	/gap_sdk/gap8/rtos/pulp/pulp-os/drivers_deprecated/pads/pads-v1.c:32
/frontnet_port/BUILD/GAP8_V2/GCC_RISCV_PULPOS/main:1c00d8b0 00000010 b __rt_uart	/gap_sdk/gap8/rtos/pulp/pulp-os/drivers_deprecated/uart/uart.c:43
/frontnet_port/BUILD/GAP8_V2/GCC_RISCV_PULPOS/main:1c0000a2 00000010 t dory_dma_deallocate
/frontnet_port/BUILD/GAP8_V2/GCC_RISCV_PULPOS/main:1c00770e 00000010 t hyperram_copy_async	/gap_sdk/rtos/pmsis/pmsis_bsp/ram/hyperram/hyperram.c:133
/frontnet_port/BUILD/GAP8_V2/GCC_RISCV_PULPOS/main:1c00b3ec 00000010 T memset	/gap_sdk/gap8/rtos/pulp/pulp-os/libs/io/io.c:150
/frontnet_port/BUILD/GAP8_V2/GCC_RISCV_PULPOS/main:1c00a654 00000010 T pi_hyper_conf_init	/gap_sdk/gap8/rtos/pulp/pulp-os/drivers/hyper/hyperram-v1.c:200
/frontnet_port/BUILD/GAP8_V2/GCC_RISCV_PULPOS/main:1c009448 00000010 T pi_l2_free	/gap_sdk/gap8/rtos/pulp/pulp-os/kernel/alloc.c:600
/frontnet_port/BUILD/GAP8_V2/GCC_RISCV_PULPOS/main:1c00c476 00000010 T rt_uart_conf_init
/frontnet_port/BUILD/GAP8_V2/GCC_RISCV_PULPOS/main:1c009f0c 00000012 T __rt_fll_init	/gap_sdk/gap8/rtos/pulp/pulp-os/kernel/gap/pmu_driver.c:871
/frontnet_port/BUILD/GAP8_V2/GCC_RISCV_PULPOS/main:1c00afbc 00000012 T __rt_rtc_init	/gap_sdk/gap8/rtos/pulp/pulp-os/drivers_deprecated/dolphin/rtc.c:414
/frontnet_port/BUILD/GAP8_V2/GCC_RISCV_PULPOS/main:1c00afce 00000012 T __rt_spim_init	/gap_sdk/gap8/rtos/pulp/pulp-os/drivers_deprecated/spim/spim-v2.c:446
/frontnet_port/BUILD/GAP8_V2/GCC_RISCV_PULPOS/main:1c0076fc 00000012 t hyperram_copy_2d_async	/gap_sdk/rtos/pmsis/pmsis_bsp/ram/hyperram/hyperram.c:145
/frontnet_port/BUILD/GAP8_V2/GCC_RISCV_PULPOS/main:1c00640a 00000012 T pi_fs_conf_init	/gap_sdk/rtos/pmsis/pmsis_bsp/fs/fs.c:26
/frontnet_port/BUILD/GAP8_V2/GCC_RISCV_PULPOS/main:1c009238 00000014 T __rt_event_sched_init	/gap_sdk/gap8/rtos/pulp/pulp-os/kernel/events.c:264
/frontnet_port/BUILD/GAP8_V2/GCC_RISCV_PULPOS/main:0000001c 00000014 D __rt_sched
/frontnet_port/BUILD/GAP8_V2/GCC_RISCV_PULPOS/main:1c00a592 00000014 t l2_memcpy	/gap_sdk/gap8/rtos/pulp/pulp-os/drivers/hyper/hyperram-v1.c:897
/frontnet_port/BUILD/GAP8_V2/GCC_RISCV_PULPOS/main:1c0088c4 00000014 T semihost_seek	/gap_sdk/rtos/pmsis/pmsis_bsp/fs/host_fs/semihost.c:36
/frontnet_port/BUILD/GAP8_V2/GCC_RISCV_PULPOS/main:1c00b3a2 00000014 T strcmp	/gap_sdk/gap8/rtos/pulp/pulp-os/libs/io/io.c:97
/frontnet_port/BUILD/GAP8_V2/GCC_RISCV_PULPOS/main:1c00a956 00000016 T pi_hyper_read_async	/gap_sdk/gap8/rtos/pulp/pulp-os/drivers/hyper/hyperram-v1.c:380
/frontnet_port/BUILD/GAP8_V2/GCC_RISCV_PULPOS/main:1c00b3d6 00000016 T strlen	/gap_sdk/gap8/rtos/pulp/pulp-os/libs/io/io.c:124
/frontnet_port/BUILD/GAP8_V2/GCC_RISCV_PULPOS/main:1c00655a 00000018 t __pi_read_fs_copy_2d_async	/gap_sdk/rtos/pmsis/pmsis_bsp/fs/read_fs/read_fs.c:657
/frontnet_port/BUILD/GAP8_V2/GCC_RISCV_PULPOS/main:1c006542 00000018 t __pi_read_fs_copy_async	/gap_sdk/rtos/pmsis/pmsis_bsp/fs/read_fs/read_fs.c:648
/frontnet_port/BUILD/GAP8_V2/GCC_RISCV_PULPOS/main:1c00d360 00000018 V __rt_padframe_profiles
/frontnet_port/BUILD/GAP8_V2/GCC_RISCV_PULPOS/main:1c009458 00000018 t __rt_time_poweroff	/gap_sdk/gap8/rtos/pulp/pulp-os/kernel/time.c:28
/frontnet_port/BUILD/GAP8_V2/GCC_RISCV_PULPOS/main:1c009470 00000018 t __rt_time_poweron	/gap_sdk/gap8/rtos/pulp/pulp-os/kernel/time.c:37
/frontnet_port/BUILD/GAP8_V2/GCC_RISCV_PULPOS/main:1c0090a0 00000018 T __rt_wait_event_prepare_blocking	/gap_sdk/gap8/rtos/pulp/pulp-os/kernel/events.c:42
/frontnet_port/BUILD/GAP8_V2/GCC_RISCV_PULPOS/main:1c00891a 00000018 T bsp_hyperram_conf_init	/gap_sdk/rtos/pmsis/pmsis_bsp/bsp/ai_deck.c:40
/frontnet_port/BUILD/GAP8_V2/GCC_RISCV_PULPOS/main:1b000ba0 00000018 d cbsys_first	/gap_sdk/gap8/rtos/pulp/pulp-os/kernel/utils.c:30
/frontnet_port/BUILD/GAP8_V2/GCC_RISCV_PULPOS/main:1c006e08 00000018 t hyperflash_copy_2d_async
/frontnet_port/BUILD/GAP8_V2/GCC_RISCV_PULPOS/main:1c00d318 00000018 d hyperram_api	/gap_sdk/rtos/pmsis/pmsis_bsp/ram/hyperram/hyperram.c:225
/frontnet_port/BUILD/GAP8_V2/GCC_RISCV_PULPOS/main:1c00ad4e 00000018 T pi_hyper_read_2d_async	/gap_sdk/gap8/rtos/pulp/pulp-os/drivers/hyper/hyperram-v1.c:420
/frontnet_port/BUILD/GAP8_V2/GCC_RISCV_PULPOS/main:1c00a98e 00000018 T pi_hyper_write_async	/gap_sdk/gap8/rtos/pulp/pulp-os/drivers/hyper/hyperram-v1.c:400
/frontnet_port/BUILD/GAP8_V2/GCC_RISCV_PULPOS/main:1c00b5be 0000001a T fputc_locked
/frontnet_port/BUILD/GAP8_V2/GCC_RISCV_PULPOS/main:1c0072a8 0000001a t hyperflash_copy_async	/gap_sdk/rtos/pmsis/pmsis_bsp/flash/hyperflash/hyperflash.c:844
/frontnet_port/BUILD/GAP8_V2/GCC_RISCV_PULPOS/main:1c00ad66 0000001a T pi_hyper_write_2d_async	/gap_sdk/gap8/rtos/pulp/pulp-os/drivers/hyper/hyperram-v1.c:440
/frontnet_port/BUILD/GAP8_V2/GCC_RISCV_PULPOS/main:1c0077d4 0000001a T pi_hyperram_conf_init	/gap_sdk/rtos/pmsis/pmsis_bsp/ram/hyperram/hyperram.c:235
/frontnet_port/BUILD/GAP8_V2/GCC_RISCV_PULPOS/main:1c00912e 0000001a T rt_event_get	/gap_sdk/gap8/rtos/pulp/pulp-os/kernel/events.c:105
/frontnet_port/BUILD/GAP8_V2/GCC_RISCV_PULPOS/main:1c00921e 0000001a T rt_event_wait	/gap_sdk/gap8/rtos/pulp/pulp-os/kernel/events.c:257
/frontnet_port/BUILD/GAP8_V2/GCC_RISCV_PULPOS/main:1c00b432 0000001a T strchr	/gap_sdk/gap8/rtos/pulp/pulp-os/libs/io/io.c:278
/frontnet_port/BUILD/GAP8_V2/GCC_RISCV_PULPOS/main:1c006c90 0000001c t __pi_host_fs_close	/gap_sdk/rtos/pmsis/pmsis_bsp/fs/host_fs/host_fs.c:67
/frontnet_port/BUILD/GAP8_V2/GCC_RISCV_PULPOS/main:1c006d08 0000001c t __rt_event_enqueue	/gap_sdk/install/GAP8_V2/include/rt/rt_event.h:397
/frontnet_port/BUILD/GAP8_V2/GCC_RISCV_PULPOS/main:1c008de2 0000001c t __rt_event_enqueue	/gap_sdk/install/GAP8_V2/include/rt/rt_event.h:397
/frontnet_port/BUILD/GAP8_V2/GCC_RISCV_PULPOS/main:1c00d51c 0000001c b ram_conf
/frontnet_port/BUILD/GAP8_V2/GCC_RISCV_PULPOS/main:1c00888c 0000001c T semihost_read	/gap_sdk/rtos/pmsis/pmsis_bsp/fs/host_fs/semihost.c:24
/frontnet_port/BUILD/GAP8_V2/GCC_RISCV_PULPOS/main:1c0088a8 0000001c T semihost_write	/gap_sdk/rtos/pmsis/pmsis_bsp/fs/host_fs/semihost.c:30
/frontnet_port/BUILD/GAP8_V2/GCC_RISCV_PULPOS/main:1c00789a 0000001e t __pi_ram_cluster_req_done	/gap_sdk/rtos/pmsis/pmsis_bsp/ram/ram.c:55
/frontnet_port/BUILD/GAP8_V2/GCC_RISCV_PULPOS/main:1c008f28 0000001e T __rt_bridge_set_available	/gap_sdk/gap8/rtos/pulp/pulp-os/kernel/bridge.c:725
/frontnet_port/BUILD/GAP8_V2/GCC_RISCV_PULPOS/main:1c0072c2 0000001e t hyperflash_close	/gap_sdk/rtos/pmsis/pmsis_bsp/flash/hyperflash/hyperflash.c:276
/frontnet_port/BUILD/GAP8_V2/GCC_RISCV_PULPOS/main:1c0076d2 0000001e T hyperram_alloc	/gap_sdk/rtos/pmsis/pmsis_bsp/ram/hyperram/hyperram.c:158
/frontnet_port/BUILD/GAP8_V2/GCC_RISCV_PULPOS/main:1c00a574 0000001e T pi_pad_init	/gap_sdk/gap8/rtos/pulp/pulp-os/drivers/pads/pads-v1.c:31
/frontnet_port/BUILD/GAP8_V2/GCC_RISCV_PULPOS/main:1c00c9f8 00000020 r L3_weights_files
/frontnet_port/BUILD/GAP8_V2/GCC_RISCV_PULPOS/main:1c00d5c4 00000020 b L3_weights_size
/frontnet_port/BUILD/GAP8_V2/GCC_RISCV_PULPOS/main:1c008dfe 00000020 t __rt_bridge_check_bridge_req.part.5	/gap_sdk/gap8/rtos/pulp/pulp-os/kernel/bridge.c:638
/frontnet_port/BUILD/GAP8_V2/GCC_RISCV_PULPOS/main:1c00b7e6 00000020 t _rlrshift	/gap_sdk/gap8/rtos/pulp/pulp-os/libs/io/prf.c:122
/frontnet_port/BUILD/GAP8_V2/GCC_RISCV_PULPOS/main:1c00b0da 00000020 t rt_event_execute.isra.4.constprop.12	/gap_sdk/gap8/rtos/pulp/pulp-os/libs/io/io.c:795
/frontnet_port/BUILD/GAP8_V2/GCC_RISCV_PULPOS/main:1c009256 00000020 T rt_user_alloc_init	/gap_sdk/gap8/rtos/pulp/pulp-os/kernel/alloc.c:193
/frontnet_port/BUILD/GAP8_V2/GCC_RISCV_PULPOS/main:1c00b3b6 00000020 T strncmp	/gap_sdk/gap8/rtos/pulp/pulp-os/libs/io/io.c:108
/frontnet_port/BUILD/GAP8_V2/GCC_RISCV_PULPOS/main:1c008f68 00000022 T __rt_bridge_clear_notif	/gap_sdk/gap8/rtos/pulp/pulp-os/kernel/bridge.c:838
/frontnet_port/BUILD/GAP8_V2/GCC_RISCV_PULPOS/main:1c008f46 00000022 T __rt_bridge_send_notif	/gap_sdk/gap8/rtos/pulp/pulp-os/kernel/bridge.c:821
/frontnet_port/BUILD/GAP8_V2/GCC_RISCV_PULPOS/main:1c00c37e 00000022 t __rt_uart_setfreq_after	/gap_sdk/gap8/rtos/pulp/pulp-os/drivers_deprecated/uart/uart.c:135
/frontnet_port/BUILD/GAP8_V2/GCC_RISCV_PULPOS/main:1c008cec 00000022 T __rt_utils_init	/gap_sdk/gap8/rtos/pulp/pulp-os/kernel/utils.c:84
/frontnet_port/BUILD/GAP8_V2/GCC_RISCV_PULPOS/main:1c0075ac 00000022 t hyperflash_erase	/gap_sdk/rtos/pmsis/pmsis_bsp/flash/hyperflash/hyperflash.c:899
/frontnet_port/BUILD/GAP8_V2/GCC_RISCV_PULPOS/main:1c0073ec 00000022 t hyperflash_erase_chip	/gap_sdk/rtos/pmsis/pmsis_bsp/flash/hyperflash/hyperflash.c:883
/frontnet_port/BUILD/GAP8_V2/GCC_RISCV_PULPOS/main:1c0073ca 00000022 t hyperflash_erase_sector	/gap_sdk/rtos/pmsis/pmsis_bsp/flash/hyperflash/hyperflash.c:891
/frontnet_port/BUILD/GAP8_V2/GCC_RISCV_PULPOS/main:1c007474 00000022 t hyperflash_program	/gap_sdk/rtos/pmsis/pmsis_bsp/flash/hyperflash/hyperflash.c:875
/frontnet_port/BUILD/GAP8_V2/GCC_RISCV_PULPOS/main:1c00740e 00000022 t hyperflash_read	/gap_sdk/rtos/pmsis/pmsis_bsp/flash/hyperflash/hyperflash.c:866
/frontnet_port/BUILD/GAP8_V2/GCC_RISCV_PULPOS/main:1c007430 00000022 t hyperflash_reg_get	/gap_sdk/rtos/pmsis/pmsis_bsp/flash/hyperflash/hyperflash.c:916
/frontnet_port/BUILD/GAP8_V2/GCC_RISCV_PULPOS/main:1c007452 00000022 t hyperflash_reg_set	/gap_sdk/rtos/pmsis/pmsis_bsp/flash/hyperflash/hyperflash.c:908
/frontnet_port/BUILD/GAP8_V2/GCC_RISCV_PULPOS/main:1c00771e 00000022 t hyperram_close	/gap_sdk/rtos/pmsis/pmsis_bsp/ram/hyperram/hyperram.c:123
/frontnet_port/BUILD/GAP8_V2/GCC_RISCV_PULPOS/main:1c00a96c 00000022 T pi_hyper_read	/gap_sdk/gap8/rtos/pulp/pulp-os/drivers/hyper/hyperram-v1.c:390
/frontnet_port/BUILD/GAP8_V2/GCC_RISCV_PULPOS/main:1c00a9a6 00000022 T pi_hyper_write	/gap_sdk/gap8/rtos/pulp/pulp-os/drivers/hyper/hyperram-v1.c:411
/frontnet_port/BUILD/GAP8_V2/GCC_RISCV_PULPOS/main:1c006b28 00000022 T pi_readfs_conf_init	/gap_sdk/rtos/pmsis/pmsis_bsp/fs/read_fs/read_fs.c:680
/frontnet_port/BUILD/GAP8_V2/GCC_RISCV_PULPOS/main:1c009148 00000022 T rt_event_get_blocking	/gap_sdk/gap8/rtos/pulp/pulp-os/kernel/events.c:127
/frontnet_port/BUILD/GAP8_V2/GCC_RISCV_PULPOS/main:1c00c848 00000024 r L3_input_layers
/frontnet_port/BUILD/GAP8_V2/GCC_RISCV_PULPOS/main:1c00c848 00000024 r L3_output_layers
/frontnet_port/BUILD/GAP8_V2/GCC_RISCV_PULPOS/main:1c00c968 00000024 r Layers_name
/frontnet_port/BUILD/GAP8_V2/GCC_RISCV_PULPOS/main:1c006c28 00000024 t __pi_host_fs_read_async	/gap_sdk/rtos/pmsis/pmsis_bsp/fs/host_fs/host_fs.c:74
/frontnet_port/BUILD/GAP8_V2/GCC_RISCV_PULPOS/main:1c009368 00000024 T __rt_alloc_init_l1	/gap_sdk/gap8/rtos/pulp/pulp-os/kernel/alloc.c:445
/frontnet_port/BUILD/GAP8_V2/GCC_RISCV_PULPOS/main:1c00c35a 00000024 t __rt_uart_setup.isra.5	/gap_sdk/gap8/rtos/pulp/pulp-os/drivers_deprecated/uart/uart.c:222
/frontnet_port/BUILD/GAP8_V2/GCC_RISCV_PULPOS/main:1c00c890 00000024 r allocate_layer
/frontnet_port/BUILD/GAP8_V2/GCC_RISCV_PULPOS/main:1c00c848 00000024 r branch_change
/frontnet_port/BUILD/GAP8_V2/GCC_RISCV_PULPOS/main:1c00c848 00000024 r branch_input
/frontnet_port/BUILD/GAP8_V2/GCC_RISCV_PULPOS/main:1c00c848 00000024 r branch_output
/frontnet_port/BUILD/GAP8_V2/GCC_RISCV_PULPOS/main:1c00c8d8 00000024 r check_activations
/frontnet_port/BUILD/GAP8_V2/GCC_RISCV_PULPOS/main:1c00c86c 00000024 r check_activations_dimension
/frontnet_port/BUILD/GAP8_V2/GCC_RISCV_PULPOS/main:1c00c98c 00000024 r check_activations_out
/frontnet_port/BUILD/GAP8_V2/GCC_RISCV_PULPOS/main:1c00c9b0 00000024 r check_activations_out_dimension
/frontnet_port/BUILD/GAP8_V2/GCC_RISCV_PULPOS/main:1c00c8fc 00000024 r check_weights
/frontnet_port/BUILD/GAP8_V2/GCC_RISCV_PULPOS/main:1c00c8b4 00000024 r check_weights_dimension
/frontnet_port/BUILD/GAP8_V2/GCC_RISCV_PULPOS/main:1c00c9d4 00000024 r cumulative_weights_dimension
/frontnet_port/BUILD/GAP8_V2/GCC_RISCV_PULPOS/main:1c007cdc 00000024 T flash_partition_table_free	/gap_sdk/rtos/pmsis/pmsis_bsp/partition/flash_partition.c:221
/frontnet_port/BUILD/GAP8_V2/GCC_RISCV_PULPOS/main:1c00c890 00000024 r layer_with_weights
/frontnet_port/BUILD/GAP8_V2/GCC_RISCV_PULPOS/main:1c00d4f8 00000024 b layers_pointers
/frontnet_port/BUILD/GAP8_V2/GCC_RISCV_PULPOS/main:1c00c920 00000024 r out_mult_vector
/frontnet_port/BUILD/GAP8_V2/GCC_RISCV_PULPOS/main:1c00c944 00000024 r out_shift_vector
/frontnet_port/BUILD/GAP8_V2/GCC_RISCV_PULPOS/main:1c006572 00000024 t rt_event_enqueue	/gap_sdk/install/GAP8_V2/include/rt/rt_event.h:411
/frontnet_port/BUILD/GAP8_V2/GCC_RISCV_PULPOS/main:1c006b58 00000024 t rt_event_enqueue	/gap_sdk/install/GAP8_V2/include/rt/rt_event.h:411
/frontnet_port/BUILD/GAP8_V2/GCC_RISCV_PULPOS/main:1c00a5a6 00000024 t rt_event_enqueue	/gap_sdk/install/GAP8_V2/include/rt/rt_event.h:411
/frontnet_port/BUILD/GAP8_V2/GCC_RISCV_PULPOS/main:1c00916a 00000024 T rt_event_push	/gap_sdk/gap8/rtos/pulp/pulp-os/kernel/events.c:139
/frontnet_port/BUILD/GAP8_V2/GCC_RISCV_PULPOS/main:1c009502 00000024 T rt_time_wait_us	/gap_sdk/gap8/rtos/pulp/pulp-os/kernel/time.c:124
/frontnet_port/BUILD/GAP8_V2/GCC_RISCV_PULPOS/main:1c00c334 00000026 T __rt_uart_cluster_req_done	/gap_sdk/gap8/rtos/pulp/pulp-os/drivers_deprecated/uart/uart.c:253
/frontnet_port/BUILD/GAP8_V2/GCC_RISCV_PULPOS/main:1c008958 00000026 t cluster_start	/gap_sdk/gap8/rtos/pulp/pulp-os/kernel/init.c:198
/frontnet_port/BUILD/GAP8_V2/GCC_RISCV_PULPOS/main:1c006458 00000026 T pi_fs_read	/gap_sdk/rtos/pmsis/pmsis_bsp/fs/fs.c:90
/frontnet_port/BUILD/GAP8_V2/GCC_RISCV_PULPOS/main:1c006486 00000026 T pi_fs_write	/gap_sdk/rtos/pmsis/pmsis_bsp/fs/fs.c:103
/frontnet_port/BUILD/GAP8_V2/GCC_RISCV_PULPOS/main:1c009a08 00000026 t soc_eu_fcEventMask_setEvent	/gap_sdk/install/GAP8_V2/include/hal/soc_eu/soc_eu_v1.h:60
/frontnet_port/BUILD/GAP8_V2/GCC_RISCV_PULPOS/main:1c00c450 00000026 t soc_eu_fcEventMask_setEvent	/gap_sdk/install/GAP8_V2/include/hal/soc_eu/soc_eu_v1.h:60
/frontnet_port/BUILD/GAP8_V2/GCC_RISCV_PULPOS/main:1c00d29c 00000028 D __pi_host_fs_api
/frontnet_port/BUILD/GAP8_V2/GCC_RISCV_PULPOS/main:1c006c00 00000028 t __pi_host_fs_write_async	/gap_sdk/rtos/pmsis/pmsis_bsp/fs/host_fs/host_fs.c:100
/frontnet_port/BUILD/GAP8_V2/GCC_RISCV_PULPOS/main:1c00d274 00000028 D __pi_read_fs_api
/frontnet_port/BUILD/GAP8_V2/GCC_RISCV_PULPOS/main:1c008ae6 00000028 T __rt_deinit	/gap_sdk/gap8/rtos/pulp/pulp-os/kernel/init.c:163
/frontnet_port/BUILD/GAP8_V2/GCC_RISCV_PULPOS/main:1c009078 00000028 T __rt_event_init	/gap_sdk/gap8/rtos/pulp/pulp-os/kernel/events.c:32
/frontnet_port/BUILD/GAP8_V2/GCC_RISCV_PULPOS/main:1c00d93c 00000028 B __rt_fc_cluster_data
/frontnet_port/BUILD/GAP8_V2/GCC_RISCV_PULPOS/main:1c00b37a 00000028 t __rt_io_stop	/gap_sdk/gap8/rtos/pulp/pulp-os/libs/io/io.c:769
/frontnet_port/BUILD/GAP8_V2/GCC_RISCV_PULPOS/main:000002b8 00000028 D __rt_udma_extra_callback
/frontnet_port/BUILD/GAP8_V2/GCC_RISCV_PULPOS/main:000002e0 00000028 D __rt_udma_extra_callback_arg
/frontnet_port/BUILD/GAP8_V2/GCC_RISCV_PULPOS/main:1c00b60e 00000028 T _prf_locked	/gap_sdk/gap8/rtos/pulp/pulp-os/libs/io/io.c:626
/frontnet_port/BUILD/GAP8_V2/GCC_RISCV_PULPOS/main:1c00adba 00000028 T rt_padframe_set	/gap_sdk/gap8/rtos/pulp/pulp-os/drivers_deprecated/pads/pads-v1.c:77
/frontnet_port/BUILD/GAP8_V2/GCC_RISCV_PULPOS/main:1c00938c 0000002a T __rt_alloc_init_l1_for_fc	/gap_sdk/gap8/rtos/pulp/pulp-os/kernel/alloc.c:452
/frontnet_port/BUILD/GAP8_V2/GCC_RISCV_PULPOS/main:1c00af0a 0000002a t __rt_i2s_setfreq_after	/gap_sdk/gap8/rtos/pulp/pulp-os/drivers_deprecated/i2s/i2s-v1.c:235
/frontnet_port/BUILD/GAP8_V2/GCC_RISCV_PULPOS/main:1c007496 0000002a t hyperflash_copy	/gap_sdk/rtos/pmsis/pmsis_bsp/flash/hyperflash/hyperflash.c:924
/frontnet_port/BUILD/GAP8_V2/GCC_RISCV_PULPOS/main:1c0073a0 0000002a t hyperflash_copy_2d	/gap_sdk/rtos/pmsis/pmsis_bsp/flash/hyperflash/hyperflash.c:934
/frontnet_port/BUILD/GAP8_V2/GCC_RISCV_PULPOS/main:1c00885c 0000002a T semihost_open	/gap_sdk/rtos/pmsis/pmsis_bsp/fs/host_fs/semihost.c:11
/frontnet_port/BUILD/GAP8_V2/GCC_RISCV_PULPOS/main:1c0099dc 0000002c t SetFllMultDivFactors
/frontnet_port/BUILD/GAP8_V2/GCC_RISCV_PULPOS/main:1c00a628 0000002c T __pi_hyper_pin_reset_settings	/gap_sdk/gap8/rtos/pulp/pulp-os/drivers/hyper/hyperram-v1.c:189
/frontnet_port/BUILD/GAP8_V2/GCC_RISCV_PULPOS/main:1c00a5fc 0000002c T __pi_hyper_pin_settings	/gap_sdk/gap8/rtos/pulp/pulp-os/drivers/hyper/hyperram-v1.c:181
/frontnet_port/BUILD/GAP8_V2/GCC_RISCV_PULPOS/main:1c00af34 0000002c t __rt_i2s_setfreq_before	/gap_sdk/gap8/rtos/pulp/pulp-os/drivers_deprecated/i2s/i2s-v1.c:219
/frontnet_port/BUILD/GAP8_V2/GCC_RISCV_PULPOS/main:1c00d6ec 0000002c b __rt_pulpos_emu_global_cluster_task	/gap_sdk/gap8/rtos/pulp/pulp-os/kernel/pulpos_emu.c:26
/frontnet_port/BUILD/GAP8_V2/GCC_RISCV_PULPOS/main:1c00c3e2 0000002c t __rt_uart_setfreq_before	/gap_sdk/gap8/rtos/pulp/pulp-os/drivers_deprecated/uart/uart.c:102
/frontnet_port/BUILD/GAP8_V2/GCC_RISCV_PULPOS/main:1c0091f2 0000002c T __rt_wait_event	/gap_sdk/gap8/rtos/pulp/pulp-os/kernel/events.c:247
/frontnet_port/BUILD/GAP8_V2/GCC_RISCV_PULPOS/main:1c00641c 0000002c T pi_fs_mount	/gap_sdk/rtos/pmsis/pmsis_bsp/fs/fs.c:40
/frontnet_port/BUILD/GAP8_V2/GCC_RISCV_PULPOS/main:1c00b728 0000002c T printf	/gap_sdk/gap8/rtos/pulp/pulp-os/libs/io/fprintf.c:41
/frontnet_port/BUILD/GAP8_V2/GCC_RISCV_PULPOS/main:1c00b592 0000002c T puts	/gap_sdk/gap8/rtos/pulp/pulp-os/libs/io/io.c:576
/frontnet_port/BUILD/GAP8_V2/GCC_RISCV_PULPOS/main:1c00ad8c 0000002e t __rt_hyper_init	/gap_sdk/gap8/rtos/pulp/pulp-os/drivers/hyper/hyperram-v1.c:995
/frontnet_port/BUILD/GAP8_V2/GCC_RISCV_PULPOS/main:1c0097dc 0000002e T __rt_periph_get_event	/gap_sdk/gap8/rtos/pulp/pulp-os/kernel/periph-v2.c:219
/frontnet_port/BUILD/GAP8_V2/GCC_RISCV_PULPOS/main:1c00933a 0000002e T rt_free
/frontnet_port/BUILD/GAP8_V2/GCC_RISCV_PULPOS/main:1c008cbc 00000030 T __rt_cbsys_exec	/gap_sdk/gap8/rtos/pulp/pulp-os/kernel/utils.c:71
/frontnet_port/BUILD/GAP8_V2/GCC_RISCV_PULPOS/main:1c00b5d8 00000030 T fputc	/gap_sdk/gap8/rtos/pulp/pulp-os/libs/io/io.c:603
/frontnet_port/BUILD/GAP8_V2/GCC_RISCV_PULPOS/main:1c0075ce 00000030 t hyperflash_get_status_reg	/gap_sdk/rtos/pmsis/pmsis_bsp/flash/hyperflash/hyperflash.c:184
/frontnet_port/BUILD/GAP8_V2/GCC_RISCV_PULPOS/main:1c00930a 00000030 T rt_alloc
/frontnet_port/BUILD/GAP8_V2/GCC_RISCV_PULPOS/main:1c008642 00000032 T MD5_Init	/gap_sdk/rtos/pmsis/pmsis_bsp/crc/md5.c:207
/frontnet_port/BUILD/GAP8_V2/GCC_RISCV_PULPOS/main:1c008d0e 00000032 T __rt_fc_lock	/gap_sdk/gap8/rtos/pulp/pulp-os/kernel/utils.c:92
/frontnet_port/BUILD/GAP8_V2/GCC_RISCV_PULPOS/main:1c00a1f6 00000032 T pi_cluster_close	/gap_sdk/gap8/rtos/pulp/pulp-os/kernel/cluster.c:370
/frontnet_port/BUILD/GAP8_V2/GCC_RISCV_PULPOS/main:1c0076a0 00000032 T pi_hyperflash_conf_init	/gap_sdk/rtos/pmsis/pmsis_bsp/flash/hyperflash/hyperflash.c:970
/frontnet_port/BUILD/GAP8_V2/GCC_RISCV_PULPOS/main:1c0063d8 00000032 t pi_task_wait_on.isra.3	/gap_sdk/rtos/pmsis/pmsis_bsp/fs/fs.c:82
/frontnet_port/BUILD/GAP8_V2/GCC_RISCV_PULPOS/main:1c00736e 00000032 t pi_task_wait_on.isra.3	/gap_sdk/rtos/pmsis/pmsis_bsp/flash/hyperflash/hyperflash.c:219
/frontnet_port/BUILD/GAP8_V2/GCC_RISCV_PULPOS/main:1c00a5ca 00000032 t pi_task_wait_on.isra.4	/gap_sdk/gap8/rtos/pulp/pulp-os/drivers/hyper/hyperram-v1.c:1039
/frontnet_port/BUILD/GAP8_V2/GCC_RISCV_PULPOS/main:1c00d134 00000034 r __hyper_pad	/gap_sdk/gap8/rtos/pulp/pulp-os/drivers/hyper/hyperram-v1.c:164
/frontnet_port/BUILD/GAP8_V2/GCC_RISCV_PULPOS/main:1c009044 00000034 T __rt_bridge_init	/gap_sdk/gap8/rtos/pulp/pulp-os/kernel/bridge.c:851
/frontnet_port/BUILD/GAP8_V2/GCC_RISCV_PULPOS/main:1c008d40 00000034 T __rt_fc_unlock	/gap_sdk/gap8/rtos/pulp/pulp-os/kernel/utils.c:127
/frontnet_port/BUILD/GAP8_V2/GCC_RISCV_PULPOS/main:1c00aed6 00000034 t __rt_i2s_resume	/gap_sdk/gap8/rtos/pulp/pulp-os/drivers_deprecated/i2s/i2s-v1.c:186
/frontnet_port/BUILD/GAP8_V2/GCC_RISCV_PULPOS/main:1c00b16a 00000034 t __rt_putc_host_cluster_req	/gap_sdk/gap8/rtos/pulp/pulp-os/libs/io/io.c:451
/frontnet_port/BUILD/GAP8_V2/GCC_RISCV_PULPOS/main:1c00b84a 00000034 t _get_digit	/gap_sdk/gap8/rtos/pulp/pulp-os/libs/io/prf.c:167
/frontnet_port/BUILD/GAP8_V2/GCC_RISCV_PULPOS/main:00000358 00000034 D dev_rtc	/gap_sdk/gap8/rtos/pulp/pulp-os/drivers_deprecated/dolphin/rtc.c:24
/frontnet_port/BUILD/GAP8_V2/GCC_RISCV_PULPOS/main:1c00a540 00000034 T pi_pad_set_function	/gap_sdk/gap8/rtos/pulp/pulp-os/drivers/pads/pads-v1.c:24
/frontnet_port/BUILD/GAP8_V2/GCC_RISCV_PULPOS/main:1c00c562 00000034 T rt_uart_cluster_write	/gap_sdk/gap8/rtos/pulp/pulp-os/drivers_deprecated/uart/uart.c:277
/frontnet_port/BUILD/GAP8_V2/GCC_RISCV_PULPOS/main:1c008dac 00000036 T __rt_fc_cluster_unlock	/gap_sdk/gap8/rtos/pulp/pulp-os/kernel/utils.c:199
/frontnet_port/BUILD/GAP8_V2/GCC_RISCV_PULPOS/main:1c00b3fc 00000036 T memcpy	/gap_sdk/gap8/rtos/pulp/pulp-os/libs/io/io.c:159
/frontnet_port/BUILD/GAP8_V2/GCC_RISCV_PULPOS/main:1c007944 00000036 T pi_cl_ram_alloc	/gap_sdk/rtos/pmsis/pmsis_bsp/ram/ram.c:131
/frontnet_port/BUILD/GAP8_V2/GCC_RISCV_PULPOS/main:1c006596 00000038 t __pi_fs_free	/gap_sdk/rtos/pmsis/pmsis_bsp/fs/read_fs/read_fs.c:122
/frontnet_port/BUILD/GAP8_V2/GCC_RISCV_PULPOS/main:1c008d74 00000038 T __rt_fc_cluster_lock	/gap_sdk/gap8/rtos/pulp/pulp-os/kernel/utils.c:189
/frontnet_port/BUILD/GAP8_V2/GCC_RISCV_PULPOS/main:1c00797a 00000038 T pi_cl_ram_free	/gap_sdk/rtos/pmsis/pmsis_bsp/ram/ram.c:141
/frontnet_port/BUILD/GAP8_V2/GCC_RISCV_PULPOS/main:1c0088de 0000003c t __bsp_init_pads
/frontnet_port/BUILD/GAP8_V2/GCC_RISCV_PULPOS/main:1c0077ee 0000003c T __pi_ram_free_cluster_req	/gap_sdk/rtos/pmsis/pmsis_bsp/ram/ram.c:123
/frontnet_port/BUILD/GAP8_V2/GCC_RISCV_PULPOS/main:1c00a298 0000003c T __rt_cluster_new	/gap_sdk/gap8/rtos/pulp/pulp-os/kernel/cluster.c:445
/frontnet_port/BUILD/GAP8_V2/GCC_RISCV_PULPOS/main:1c00a2d4 0000003c t __rt_cluster_pulpos_emu_init	/gap_sdk/gap8/rtos/pulp/pulp-os/kernel/pulpos_emu.c:29
/frontnet_port/BUILD/GAP8_V2/GCC_RISCV_PULPOS/main:1c00b4aa 0000003c T __rt_putc_uart	/gap_sdk/gap8/rtos/pulp/pulp-os/libs/io/io.c:412
/frontnet_port/BUILD/GAP8_V2/GCC_RISCV_PULPOS/main:1c0078b8 0000003e T __pi_ram_alloc_cluster_req	/gap_sdk/rtos/pmsis/pmsis_bsp/ram/ram.c:114
/frontnet_port/BUILD/GAP8_V2/GCC_RISCV_PULPOS/main:1c0064b4 0000003e t __pi_read_fs_write	/gap_sdk/rtos/pmsis/pmsis_bsp/fs/read_fs/read_fs.c:499
/frontnet_port/BUILD/GAP8_V2/GCC_RISCV_PULPOS/main:1c008c7e 0000003e T __rt_cbsys_add	/gap_sdk/gap8/rtos/pulp/pulp-os/kernel/utils.c:57
/frontnet_port/BUILD/GAP8_V2/GCC_RISCV_PULPOS/main:1c009908 0000003e T __rt_freq_init	/gap_sdk/gap8/rtos/pulp/pulp-os/kernel/gap/freq.c:62
/frontnet_port/BUILD/GAP8_V2/GCC_RISCV_PULPOS/main:1c006502 00000040 t __pi_read_fs_direct_read_async	/gap_sdk/rtos/pmsis/pmsis_bsp/fs/read_fs/read_fs.c:624
/frontnet_port/BUILD/GAP8_V2/GCC_RISCV_PULPOS/main:1c006ae8 00000040 t __pi_read_fs_read_async	/gap_sdk/rtos/pmsis/pmsis_bsp/fs/read_fs/read_fs.c:586
/frontnet_port/BUILD/GAP8_V2/GCC_RISCV_PULPOS/main:1c006d40 00000040 t hyperflash_stall_task	/gap_sdk/rtos/pmsis/pmsis_bsp/flash/hyperflash/hyperflash.c:489
/frontnet_port/BUILD/GAP8_V2/GCC_RISCV_PULPOS/main:1c006c4c 00000042 t __pi_host_fs_copy_async	/gap_sdk/rtos/pmsis/pmsis_bsp/fs/host_fs/host_fs.c:115
/frontnet_port/BUILD/GAP8_V2/GCC_RISCV_PULPOS/main:1c008f8a 00000042 T __rt_bridge_printf_flush
/frontnet_port/BUILD/GAP8_V2/GCC_RISCV_PULPOS/main:1c00b03e 00000042 t __rt_do_putc_host	/gap_sdk/gap8/rtos/pulp/pulp-os/libs/io/io.c:430
/frontnet_port/BUILD/GAP8_V2/GCC_RISCV_PULPOS/main:1c00c40e 00000042 t __rt_uart_cluster_req	/gap_sdk/gap8/rtos/pulp/pulp-os/drivers_deprecated/uart/uart.c:266
/frontnet_port/BUILD/GAP8_V2/GCC_RISCV_PULPOS/main:1c00c3a0 00000042 t __rt_uart_wait_tx_done.isra.6	/gap_sdk/gap8/rtos/pulp/pulp-os/drivers_deprecated/uart/uart.c:222
/frontnet_port/BUILD/GAP8_V2/GCC_RISCV_PULPOS/main:1c00756a 00000042 t hyperflash_erase_async	/gap_sdk/rtos/pmsis/pmsis_bsp/flash/hyperflash/hyperflash.c:827
/frontnet_port/BUILD/GAP8_V2/GCC_RISCV_PULPOS/main:1c007902 00000042 T pi_cl_ram_copy	/gap_sdk/rtos/pmsis/pmsis_bsp/ram/ram.c:71
/frontnet_port/BUILD/GAP8_V2/GCC_RISCV_PULPOS/main:1c009e0c 00000044 T InitFlls	/gap_sdk/gap8/rtos/pulp/pulp-os/kernel/gap/pmu_driver.c:858
/frontnet_port/BUILD/GAP8_V2/GCC_RISCV_PULPOS/main:1c00b806 00000044 t _ldiv5	/gap_sdk/gap8/rtos/pulp/pulp-os/libs/io/prf.c:143
/frontnet_port/BUILD/GAP8_V2/GCC_RISCV_PULPOS/main:1c00a8ba 00000046 t __pi_hyper_copy_exec
/frontnet_port/BUILD/GAP8_V2/GCC_RISCV_PULPOS/main:1c008e1e 00000046 t __rt_bridge_wait
/frontnet_port/BUILD/GAP8_V2/GCC_RISCV_PULPOS/main:1c009276 00000048 T rt_user_alloc	/gap_sdk/gap8/rtos/pulp/pulp-os/kernel/alloc.c:207
/frontnet_port/BUILD/GAP8_V2/GCC_RISCV_PULPOS/main:1c00a4f6 0000004a T pi_cluster_send_task_to_cl	/gap_sdk/gap8/rtos/pulp/pulp-os/kernel/cluster_call.c:149
/frontnet_port/BUILD/GAP8_V2/GCC_RISCV_PULPOS/main:1c0098be 0000004a T rt_freq_set_and_get	/gap_sdk/gap8/rtos/pulp/pulp-os/kernel/gap/freq.c:30
/frontnet_port/BUILD/GAP8_V2/GCC_RISCV_PULPOS/main:1c008edc 0000004c T __rt_bridge_check_connection
/frontnet_port/BUILD/GAP8_V2/GCC_RISCV_PULPOS/main:1c008b12 0000004c T rt_irq_set_handler	/gap_sdk/gap8/rtos/pulp/pulp-os/kernel/irq.c:61
/frontnet_port/BUILD/GAP8_V2/GCC_RISCV_PULPOS/main:1c0092be 0000004c T rt_user_free	/gap_sdk/gap8/rtos/pulp/pulp-os/kernel/alloc.c:291
/frontnet_port/BUILD/GAP8_V2/GCC_RISCV_PULPOS/main:1c00681e 0000004e t __pi_read_fs_close
/frontnet_port/BUILD/GAP8_V2/GCC_RISCV_PULPOS/main:1c00c514 0000004e T rt_uart_close	/gap_sdk/gap8/rtos/pulp/pulp-os/drivers_deprecated/uart/uart.c:228
/frontnet_port/BUILD/GAP8_V2/GCC_RISCV_PULPOS/main:1c008b60 00000050 T __rt_handle_illegal_instr	/gap_sdk/gap8/rtos/pulp/pulp-os/kernel/irq.c:94
/frontnet_port/BUILD/GAP8_V2/GCC_RISCV_PULPOS/main:1c00afee 00000050 t __rt_io_uart_wait_req	/gap_sdk/gap8/rtos/pulp/pulp-os/libs/io/io.c:315
/frontnet_port/BUILD/GAP8_V2/GCC_RISCV_PULPOS/main:1c007650 00000050 t hyperflash_check_program	/gap_sdk/rtos/pmsis/pmsis_bsp/flash/hyperflash/hyperflash.c:673
/frontnet_port/BUILD/GAP8_V2/GCC_RISCV_PULPOS/main:1c00af60 00000052 T __rt_i2s_init	/gap_sdk/gap8/rtos/pulp/pulp-os/drivers_deprecated/i2s/i2s-v1.c:268
/frontnet_port/BUILD/GAP8_V2/GCC_RISCV_PULPOS/main:1c008bb0 00000052 T __rt_irq_init	/gap_sdk/gap8/rtos/pulp/pulp-os/kernel/irq.c:103
/frontnet_port/BUILD/GAP8_V2/GCC_RISCV_PULPOS/main:1c00a9c8 00000052 t exec_pending_task	/gap_sdk/gap8/rtos/pulp/pulp-os/drivers/hyper/hyperram-v1.c:867
/frontnet_port/BUILD/GAP8_V2/GCC_RISCV_PULPOS/main:1c0079b2 00000052 T extern_alloc_init	/gap_sdk/rtos/pmsis/pmsis_bsp/ram/alloc_extern.c:104
/frontnet_port/BUILD/GAP8_V2/GCC_RISCV_PULPOS/main:1c0075fe 00000052 t hyperflash_check_erase	/gap_sdk/rtos/pmsis/pmsis_bsp/flash/hyperflash/hyperflash.c:709
/frontnet_port/BUILD/GAP8_V2/GCC_RISCV_PULPOS/main:1c00d2c4 00000054 d hyperflash_api	/gap_sdk/rtos/pmsis/pmsis_bsp/flash/hyperflash/hyperflash.c:944
/frontnet_port/BUILD/GAP8_V2/GCC_RISCV_PULPOS/main:1c007148 00000054 t hyperflash_reg_set_async	/gap_sdk/rtos/pmsis/pmsis_bsp/flash/hyperflash/hyperflash.c:312
/frontnet_port/BUILD/GAP8_V2/GCC_RISCV_PULPOS/main:1c00a900 00000056 t __pi_hyper_copy	/gap_sdk/gap8/rtos/pulp/pulp-os/drivers/hyper/hyperram-v1.c:914
/frontnet_port/BUILD/GAP8_V2/GCC_RISCV_PULPOS/main:1c00980a 00000056 T __rt_periph_wait_event	/gap_sdk/gap8/rtos/pulp/pulp-os/kernel/periph-v2.c:237
/frontnet_port/BUILD/GAP8_V2/GCC_RISCV_PULPOS/main:1c00a862 00000058 T __pi_hyper_copy_aligned	/gap_sdk/gap8/rtos/pulp/pulp-os/drivers/hyper/hyperram-v1.c:480
/frontnet_port/BUILD/GAP8_V2/GCC_RISCV_PULPOS/main:1c00adee 00000058 T rt_extern_alloc_init	/gap_sdk/gap8/rtos/pulp/pulp-os/kernel/alloc_extern.c:105
/frontnet_port/BUILD/GAP8_V2/GCC_RISCV_PULPOS/main:1c00b080 0000005a t __rt_io_start	/gap_sdk/gap8/rtos/pulp/pulp-os/libs/io/io.c:746
/frontnet_port/BUILD/GAP8_V2/GCC_RISCV_PULPOS/main:1c006cac 0000005c t __pi_host_fs_open	/gap_sdk/rtos/pmsis/pmsis_bsp/fs/host_fs/host_fs.c:44
/frontnet_port/BUILD/GAP8_V2/GCC_RISCV_PULPOS/main:1c00c596 0000005c T __rt_uart_init	/gap_sdk/gap8/rtos/pulp/pulp-os/drivers_deprecated/uart/uart.c:292
/frontnet_port/BUILD/GAP8_V2/GCC_RISCV_PULPOS/main:1c00724c 0000005c t hyperflash_program_async	/gap_sdk/rtos/pmsis/pmsis_bsp/flash/hyperflash/hyperflash.c:691
/frontnet_port/BUILD/GAP8_V2/GCC_RISCV_PULPOS/main:1c00a3a0 0000005c T rt_cluster_mount	/gap_sdk/gap8/rtos/pulp/pulp-os/kernel/pulpos_emu.c:68
/frontnet_port/BUILD/GAP8_V2/GCC_RISCV_PULPOS/main:1c009860 0000005e T __rt_periph_init	/gap_sdk/gap8/rtos/pulp/pulp-os/kernel/periph-v2.c:276
/frontnet_port/BUILD/GAP8_V2/GCC_RISCV_PULPOS/main:1c00b44c 0000005e T __rt_putc_debug_bridge	/gap_sdk/gap8/rtos/pulp/pulp-os/libs/io/io.c:288
/frontnet_port/BUILD/GAP8_V2/GCC_RISCV_PULPOS/main:1c007a0c 0000005e T extern_alloc	/gap_sdk/rtos/pmsis/pmsis_bsp/ram/alloc_extern.c:135
/frontnet_port/BUILD/GAP8_V2/GCC_RISCV_PULPOS/main:1c0070ea 0000005e t hyperflash_reg_get_async	/gap_sdk/rtos/pmsis/pmsis_bsp/flash/hyperflash/hyperflash.c:326
/frontnet_port/BUILD/GAP8_V2/GCC_RISCV_PULPOS/main:1c007b06 0000005e T pi_partition_find_first	/gap_sdk/rtos/pmsis/pmsis_bsp/partition/partition.c:65
/frontnet_port/BUILD/GAP8_V2/GCC_RISCV_PULPOS/main:1c009f28 00000062 t __rt_init_cluster_data	/gap_sdk/gap8/rtos/pulp/pulp-os/kernel/cluster.c:72
/frontnet_port/BUILD/GAP8_V2/GCC_RISCV_PULPOS/main:1c009f8a 00000064 t __rt_cluster_init	/gap_sdk/gap8/rtos/pulp/pulp-os/kernel/cluster.c:382
/frontnet_port/BUILD/GAP8_V2/GCC_RISCV_PULPOS/main:1c00918e 00000064 T __rt_event_execute	/gap_sdk/gap8/rtos/pulp/pulp-os/kernel/events.c:189
/frontnet_port/BUILD/GAP8_V2/GCC_RISCV_PULPOS/main:1c007d00 0000006c T flash_partition_find_first	/gap_sdk/rtos/pmsis/pmsis_bsp/partition/flash_partition.c:228
/frontnet_port/BUILD/GAP8_V2/GCC_RISCV_PULPOS/main:1c00782a 00000070 t __pi_ram_cluster_req
/frontnet_port/BUILD/GAP8_V2/GCC_RISCV_PULPOS/main:1c00a228 00000070 T __rt_cluster_push_fc_event	/gap_sdk/gap8/rtos/pulp/pulp-os/kernel/cluster.c:413
/frontnet_port/BUILD/GAP8_V2/GCC_RISCV_PULPOS/main:1c00b0fa 00000070 t __rt_io_lock
/frontnet_port/BUILD/GAP8_V2/GCC_RISCV_PULPOS/main:1c00b19e 00000070 t __rt_io_unlock
/frontnet_port/BUILD/GAP8_V2/GCC_RISCV_PULPOS/main:1c006904 00000072 t __pi_fs_read_cached	/gap_sdk/rtos/pmsis/pmsis_bsp/fs/read_fs/read_fs.c:434
/frontnet_port/BUILD/GAP8_V2/GCC_RISCV_PULPOS/main:1c0093b6 00000072 T __rt_allocs_init	/gap_sdk/gap8/rtos/pulp/pulp-os/kernel/alloc.c:465
/frontnet_port/BUILD/GAP8_V2/GCC_RISCV_PULPOS/main:1c00b6b6 00000072 T __rt_io_init	/gap_sdk/gap8/rtos/pulp/pulp-os/libs/io/io.c:800
/frontnet_port/BUILD/GAP8_V2/GCC_RISCV_PULPOS/main:1c007b64 00000074 T flash_partition_table_verify	/gap_sdk/rtos/pmsis/pmsis_bsp/partition/flash_partition.c:80
/frontnet_port/BUILD/GAP8_V2/GCC_RISCV_PULPOS/main:1c006f76 00000074 t hyperflash_read_async	/gap_sdk/rtos/pmsis/pmsis_bsp/flash/hyperflash/hyperflash.c:340
/frontnet_port/BUILD/GAP8_V2/GCC_RISCV_PULPOS/main:1c00b636 00000076 T exit	/gap_sdk/gap8/rtos/pulp/pulp-os/libs/io/io.c:690
/frontnet_port/BUILD/GAP8_V2/GCC_RISCV_PULPOS/main:1c0090b8 00000076 T rt_event_alloc	/gap_sdk/gap8/rtos/pulp/pulp-os/kernel/events.c:52
/frontnet_port/BUILD/GAP8_V2/GCC_RISCV_PULPOS/main:1c008e64 00000078 T __rt_bridge_handle_notif	/gap_sdk/gap8/rtos/pulp/pulp-os/kernel/bridge.c:644
/frontnet_port/BUILD/GAP8_V2/GCC_RISCV_PULPOS/main:1c008fcc 00000078 T __rt_bridge_req_shutdown	/gap_sdk/gap8/rtos/pulp/pulp-os/kernel/bridge.c:774
/frontnet_port/BUILD/GAP8_V2/GCC_RISCV_PULPOS/main:1c009488 0000007a T rt_event_push_delayed	/gap_sdk/gap8/rtos/pulp/pulp-os/kernel/time.c:59
/frontnet_port/BUILD/GAP8_V2/GCC_RISCV_PULPOS/main:1c008c02 0000007c t __rt_fc_cluster_lock_req	/gap_sdk/gap8/rtos/pulp/pulp-os/kernel/utils.c:142
/frontnet_port/BUILD/GAP8_V2/GCC_RISCV_PULPOS/main:1c006b82 0000007e t __pi_host_fs_copy_2d_async	/gap_sdk/rtos/pmsis/pmsis_bsp/fs/host_fs/host_fs.c:126
/frontnet_port/BUILD/GAP8_V2/GCC_RISCV_PULPOS/main:1c00d718 00000080 b __pi_hyper_temp_buffer	/gap_sdk/gap8/rtos/pulp/pulp-os/drivers/hyper/hyperram-v1.c:160
/frontnet_port/BUILD/GAP8_V2/GCC_RISCV_PULPOS/main:1c00d830 00000080 b __rt_io_event	/gap_sdk/gap8/rtos/pulp/pulp-os/libs/io/io.c:39
/frontnet_port/BUILD/GAP8_V2/GCC_RISCV_PULPOS/main:1c00d474 00000080 d __rt_putc_host_buffer	/gap_sdk/gap8/rtos/pulp/pulp-os/libs/io/io.c:47
/frontnet_port/BUILD/GAP8_V2/GCC_RISCV_PULPOS/main:1c00d544 00000080 b flashBuffer.lto_priv.20
/frontnet_port/BUILD/GAP8_V2/GCC_RISCV_PULPOS/main:1c00d5e4 00000080 b flashBuffer.lto_priv.21
/frontnet_port/BUILD/GAP8_V2/GCC_RISCV_PULPOS/main:1c00ae50 00000086 T __pi_gpio_handler	/gap_sdk/gap8/rtos/pulp/pulp-os/drivers/gpio/gpio-v2.c:54
/frontnet_port/BUILD/GAP8_V2/GCC_RISCV_PULPOS/main:1c005d64 00000088 T __extendsfdf2	/home/yao/riscv-gnu-toolchain/riscv-gcc/libgcc/soft-fp/extendsfdf2.c:37
/frontnet_port/BUILD/GAP8_V2/GCC_RISCV_PULPOS/main:1c00d664 00000088 b bsp_fs_data	/gap_sdk/rtos/pmsis/pmsis_bsp/fs/host_fs/host_fs.c:27
/frontnet_port/BUILD/GAP8_V2/GCC_RISCV_PULPOS/main:1c006d80 00000088 t hyperflash_read_2d_async	/gap_sdk/rtos/pmsis/pmsis_bsp/flash/hyperflash/hyperflash.c:352
/frontnet_port/BUILD/GAP8_V2/GCC_RISCV_PULPOS/main:1c00952a 0000008c T __rt_time_init	/gap_sdk/gap8/rtos/pulp/pulp-os/kernel/time.c:136
/frontnet_port/BUILD/GAP8_V2/GCC_RISCV_PULPOS/main:1c007a6a 0000008c T extern_free	/gap_sdk/rtos/pmsis/pmsis_bsp/ram/alloc_extern.c:202
/frontnet_port/BUILD/GAP8_V2/GCC_RISCV_PULPOS/main:1c00c486 0000008e T __rt_uart_open	/gap_sdk/gap8/rtos/pulp/pulp-os/drivers_deprecated/uart/uart.c:151
/frontnet_port/BUILD/GAP8_V2/GCC_RISCV_PULPOS/main:1c0072e0 0000008e t hyperflash_open	/gap_sdk/rtos/pmsis/pmsis_bsp/flash/hyperflash/hyperflash.c:224
/frontnet_port/BUILD/GAP8_V2/GCC_RISCV_PULPOS/main:1c009a2e 00000090 T __rt_pmu_cluster_power_down	/gap_sdk/gap8/rtos/pulp/pulp-os/kernel/gap/pmu_driver.c:205
/frontnet_port/BUILD/GAP8_V2/GCC_RISCV_PULPOS/main:1c00a310 00000090 T rt_cluster_call	/gap_sdk/gap8/rtos/pulp/pulp-os/kernel/pulpos_emu.c:40
/frontnet_port/BUILD/GAP8_V2/GCC_RISCV_PULPOS/main:1c006a56 00000092 t __pi_read_fs_try_read	/gap_sdk/rtos/pmsis/pmsis_bsp/fs/read_fs/read_fs.c:537
/frontnet_port/BUILD/GAP8_V2/GCC_RISCV_PULPOS/main:1c00b2e8 00000092 t __rt_io_uart_wait_pending	/gap_sdk/gap8/rtos/pulp/pulp-os/libs/io/io.c:332
/frontnet_port/BUILD/GAP8_V2/GCC_RISCV_PULPOS/main:1c00b754 00000092 t _to_x	/gap_sdk/gap8/rtos/pulp/pulp-os/libs/io/prf.c:44
/frontnet_port/BUILD/GAP8_V2/GCC_RISCV_PULPOS/main:1c007740 00000094 t hyperram_open	/gap_sdk/rtos/pmsis/pmsis_bsp/ram/hyperram/hyperram.c:40
/frontnet_port/BUILD/GAP8_V2/GCC_RISCV_PULPOS/main:1c009946 00000096 t PMU_Control_Maestro.part.0	/gap_sdk/gap8/rtos/pulp/pulp-os/kernel/gap/pmu_driver.c:528
/frontnet_port/BUILD/GAP8_V2/GCC_RISCV_PULPOS/main:1c00686c 00000098 t __pi_read_fs_mount	/gap_sdk/rtos/pmsis/pmsis_bsp/fs/read_fs/read_fs.c:242
/frontnet_port/BUILD/GAP8_V2/GCC_RISCV_PULPOS/main:1c00d798 00000098 b __rt_gpio	/gap_sdk/gap8/rtos/pulp/pulp-os/drivers/gpio/gpio-v2.c:34
/frontnet_port/BUILD/GAP8_V2/GCC_RISCV_PULPOS/main:1c008674 0000009c T MD5_Update	/gap_sdk/rtos/pmsis/pmsis_bsp/crc/md5.c:218
/frontnet_port/BUILD/GAP8_V2/GCC_RISCV_PULPOS/main:1c00acb0 0000009e t __pi_hyper_copy_2d	/gap_sdk/gap8/rtos/pulp/pulp-os/drivers/hyper/hyperram-v1.c:946
/frontnet_port/BUILD/GAP8_V2/GCC_RISCV_PULPOS/main:1c00a7c4 0000009e T pi_hyper_close	/gap_sdk/gap8/rtos/pulp/pulp-os/drivers/hyper/hyperram-v1.c:337
/frontnet_port/BUILD/GAP8_V2/GCC_RISCV_PULPOS/main:1c009c9e 000000a4 T InitOneFll	/gap_sdk/gap8/rtos/pulp/pulp-os/kernel/gap/pmu_driver.c:771
/frontnet_port/BUILD/GAP8_V2/GCC_RISCV_PULPOS/main:1c005cc0 000000a4 T __floatsisf	/home/yao/riscv-gnu-toolchain/riscv-gcc/libgcc/soft-fp/floatsisf.c:35
/frontnet_port/BUILD/GAP8_V2/GCC_RISCV_PULPOS/main:1c006ed0 000000a6 t hyperflash_erase_chip_async	/gap_sdk/rtos/pmsis/pmsis_bsp/flash/hyperflash/hyperflash.c:726
/frontnet_port/BUILD/GAP8_V2/GCC_RISCV_PULPOS/main:1c0074c0 000000aa t hyperflash_erase_resume	/gap_sdk/rtos/pmsis/pmsis_bsp/flash/hyperflash/hyperflash.c:766
/frontnet_port/BUILD/GAP8_V2/GCC_RISCV_PULPOS/main:1c00b4e6 000000ac t tfp_putc.isra.9	/gap_sdk/gap8/rtos/pulp/pulp-os/libs/io/io.c:795
/frontnet_port/BUILD/GAP8_V2/GCC_RISCV_PULPOS/main:1c006e20 000000b0 t hyperflash_erase_sector_async	/gap_sdk/rtos/pmsis/pmsis_bsp/flash/hyperflash/hyperflash.c:745
/frontnet_port/BUILD/GAP8_V2/GCC_RISCV_PULPOS/main:1c00719c 000000b0 t hyperflash_program_resume	/gap_sdk/rtos/pmsis/pmsis_bsp/flash/hyperflash/hyperflash.c:604
/frontnet_port/BUILD/GAP8_V2/GCC_RISCV_PULPOS/main:1c009e50 000000bc T __rt_pmu_init	/gap_sdk/gap8/rtos/pulp/pulp-os/kernel/gap/pmu_driver.c:472
/frontnet_port/BUILD/GAP8_V2/GCC_RISCV_PULPOS/main:1c00d378 000000c0 D __hal_debug_struct
/frontnet_port/BUILD/GAP8_V2/GCC_RISCV_PULPOS/main:1c009d42 000000ca T __rt_pmu_cluster_power_up
/frontnet_port/BUILD/GAP8_V2/GCC_RISCV_PULPOS/main:1c00a11e 000000d8 T pi_cluster_open	/gap_sdk/gap8/rtos/pulp/pulp-os/kernel/cluster.c:343
/frontnet_port/BUILD/GAP8_V2/GCC_RISCV_PULPOS/main:1c00b20e 000000da t __rt_io_uart_flush.constprop.11	/gap_sdk/gap8/rtos/pulp/pulp-os/libs/io/io.c:795
/frontnet_port/BUILD/GAP8_V2/GCC_RISCV_PULPOS/main:1c009bbe 000000e0 T SetFllFrequency
/frontnet_port/BUILD/GAP8_V2/GCC_RISCV_PULPOS/main:1c006976 000000e0 T __pi_fs_read	/gap_sdk/rtos/pmsis/pmsis_bsp/fs/read_fs/read_fs.c:455
/frontnet_port/BUILD/GAP8_V2/GCC_RISCV_PULPOS/main:1c0095b6 000000f2 T __rt_timer_handler	/gap_sdk/gap8/rtos/pulp/pulp-os/kernel/time_irq.c:30
/frontnet_port/BUILD/GAP8_V2/GCC_RISCV_PULPOS/main:1c00a3fc 000000fa T pi_cluster_send_task_to_cl_async	/gap_sdk/gap8/rtos/pulp/pulp-os/kernel/cluster_call.c:65
/frontnet_port/BUILD/GAP8_V2/GCC_RISCV_PULPOS/main:1c009abe 00000100 T PMU_set_voltage
/frontnet_port/BUILD/GAP8_V2/GCC_RISCV_PULPOS/main:1c00ca18 00000100 R __clz_tab
/frontnet_port/BUILD/GAP8_V2/GCC_RISCV_PULPOS/main:1c006fea 00000100 t hyperflash_handle_pending_task	/gap_sdk/rtos/pmsis/pmsis_bsp/flash/hyperflash/hyperflash.c:366
/frontnet_port/BUILD/GAP8_V2/GCC_RISCV_PULPOS/main:1c007bd8 00000104 T flash_partition_table_load	/gap_sdk/rtos/pmsis/pmsis_bsp/partition/flash_partition.c:114
/frontnet_port/BUILD/GAP8_V2/GCC_RISCV_PULPOS/main:1c0066f8 00000126 t __pi_fs_mount_step	/gap_sdk/rtos/pmsis/pmsis_bsp/fs/read_fs/read_fs.c:140
/frontnet_port/BUILD/GAP8_V2/GCC_RISCV_PULPOS/main:1c0065d2 00000126 t __pi_read_fs_open	/gap_sdk/rtos/pmsis/pmsis_bsp/fs/read_fs/read_fs.c:295
/frontnet_port/BUILD/GAP8_V2/GCC_RISCV_PULPOS/main:1c009fee 0000012a t __rt_cluster_mount_step	/gap_sdk/gap8/rtos/pulp/pulp-os/kernel/cluster.c:221
/frontnet_port/BUILD/GAP8_V2/GCC_RISCV_PULPOS/main:1c0096a8 00000134 T rt_periph_copy	/gap_sdk/gap8/rtos/pulp/pulp-os/kernel/periph-v2.c:58
/frontnet_port/BUILD/GAP8_V2/GCC_RISCV_PULPOS/main:1c008710 00000138 T MD5_Final	/gap_sdk/rtos/pmsis/pmsis_bsp/crc/md5.c:258
/frontnet_port/BUILD/GAP8_V2/GCC_RISCV_PULPOS/main:1c00a664 00000160 T pi_hyper_open	/gap_sdk/gap8/rtos/pulp/pulp-os/drivers/hyper/hyperram-v1.c:261
/frontnet_port/BUILD/GAP8_V2/GCC_RISCV_PULPOS/main:1c00897e 00000168 T __rt_init	/gap_sdk/gap8/rtos/pulp/pulp-os/kernel/init.c:74
/frontnet_port/BUILD/GAP8_V2/GCC_RISCV_PULPOS/main:1c0040de 000001b6 t Pooling1
/frontnet_port/BUILD/GAP8_V2/GCC_RISCV_PULPOS/main:1c005ac2 000001fe T __divsf3	/home/yao/riscv-gnu-toolchain/riscv-gcc/libgcc/soft-fp/divsf3.c:35
/frontnet_port/BUILD/GAP8_V2/GCC_RISCV_PULPOS/main:1c0005bc 0000026a t dory_dma_memcpy_async.constprop.13
/frontnet_port/BUILD/GAP8_V2/GCC_RISCV_PULPOS/main:1c000352 0000026a t dory_dma_memcpy_async.constprop.14
/frontnet_port/BUILD/GAP8_V2/GCC_RISCV_PULPOS/main:00000030 00000280 D periph_channels
/frontnet_port/BUILD/GAP8_V2/GCC_RISCV_PULPOS/main:1c0000be 0000028e t dory_dma_memcpy_async
/frontnet_port/BUILD/GAP8_V2/GCC_RISCV_PULPOS/main:1c00aa1a 00000296 t __pi_hyper_copy_misaligned	/gap_sdk/gap8/rtos/pulp/pulp-os/drivers/hyper/hyperram-v1.c:806
/frontnet_port/BUILD/GAP8_V2/GCC_RISCV_PULPOS/main:1c005794 0000032e T __umoddi3	/home/yao/riscv-gnu-toolchain/riscv-gcc/libgcc/libgcc2.c:1305
/frontnet_port/BUILD/GAP8_V2/GCC_RISCV_PULPOS/main:1c005458 0000033c T __udivdi3	/home/yao/riscv-gnu-toolchain/riscv-gcc/libgcc/libgcc2.c:1317
/frontnet_port/BUILD/GAP8_V2/GCC_RISCV_PULPOS/main:1c0038fc 00000388 t FullyConnected8
/frontnet_port/BUILD/GAP8_V2/GCC_RISCV_PULPOS/main:1c00303c 000003ce t BNReluConvolution4
/frontnet_port/BUILD/GAP8_V2/GCC_RISCV_PULPOS/main:1c002c66 000003d6 t BNReluConvolution3
/frontnet_port/BUILD/GAP8_V2/GCC_RISCV_PULPOS/main:1c003c88 00000456 t pulp_nn_maxpool.constprop.0
/frontnet_port/BUILD/GAP8_V2/GCC_RISCV_PULPOS/main:1c00340a 000004f2 t BNReluConvolution7
/frontnet_port/BUILD/GAP8_V2/GCC_RISCV_PULPOS/main:1c00171e 000004fe t BNReluConvolution5
/frontnet_port/BUILD/GAP8_V2/GCC_RISCV_PULPOS/main:1c00219c 0000055c t BNReluConvolution0
/frontnet_port/BUILD/GAP8_V2/GCC_RISCV_PULPOS/main:1c0026fc 0000056a t BNReluConvolution2
/frontnet_port/BUILD/GAP8_V2/GCC_RISCV_PULPOS/main:1c001c1c 00000580 t BNReluConvolution6
/frontnet_port/BUILD/GAP8_V2/GCC_RISCV_PULPOS/main:1c005dec 000005de T main
/frontnet_port/BUILD/GAP8_V2/GCC_RISCV_PULPOS/main:1c000838 00000642 t pulp_nn_matmul.constprop.6
/frontnet_port/BUILD/GAP8_V2/GCC_RISCV_PULPOS/main:1b000398 00000800 D __rt_fc_stack
/frontnet_port/BUILD/GAP8_V2/GCC_RISCV_PULPOS/main:1c000e80 0000089e t pulp_nn_conv_Ho_parallel.constprop.5
/frontnet_port/BUILD/GAP8_V2/GCC_RISCV_PULPOS/main:1c007d6c 000008d6 t body	/gap_sdk/rtos/pmsis/pmsis_bsp/crc/md5.c:100
/frontnet_port/BUILD/GAP8_V2/GCC_RISCV_PULPOS/main:1c00b87e 00000ab6 T _prf	/gap_sdk/gap8/rtos/pulp/pulp-os/libs/io/prf.c:437
/frontnet_port/BUILD/GAP8_V2/GCC_RISCV_PULPOS/main:1c004294 00000c70 t network_run_cluster
